# serializer version: 1
# name: test_all_entities[sensor.airgradient_carbon_dioxide-entry]
  EntityRegistryEntrySnapshot({
    'aliases': set({
    }),
    'area_id': None,
    'capabilities': dict({
      'state_class': <SensorStateClass.MEASUREMENT: 'measurement'>,
    }),
    'config_entry_id': <ANY>,
    'device_class': None,
    'device_id': <ANY>,
    'disabled_by': None,
    'domain': 'sensor',
    'entity_category': None,
    'entity_id': 'sensor.airgradient_carbon_dioxide',
    'has_entity_name': True,
    'hidden_by': None,
    'icon': None,
    'id': <ANY>,
    'labels': set({
    }),
    'name': None,
    'options': dict({
    }),
    'original_device_class': <SensorDeviceClass.CO2: 'carbon_dioxide'>,
    'original_icon': None,
    'original_name': 'Carbon dioxide',
    'platform': 'airgradient',
    'previous_unique_id': None,
    'supported_features': 0,
    'translation_key': None,
    'unique_id': '84fce612f5b8-co2',
    'unit_of_measurement': 'ppm',
  })
# ---
# name: test_all_entities[sensor.airgradient_carbon_dioxide-state]
  StateSnapshot({
    'attributes': ReadOnlyDict({
      'device_class': 'carbon_dioxide',
      'friendly_name': 'Airgradient Carbon dioxide',
      'state_class': <SensorStateClass.MEASUREMENT: 'measurement'>,
      'unit_of_measurement': 'ppm',
    }),
    'context': <ANY>,
    'entity_id': 'sensor.airgradient_carbon_dioxide',
    'last_changed': <ANY>,
    'last_reported': <ANY>,
    'last_updated': <ANY>,
    'state': '778',
  })
# ---
# name: test_all_entities[sensor.airgradient_humidity-entry]
  EntityRegistryEntrySnapshot({
    'aliases': set({
    }),
    'area_id': None,
    'capabilities': dict({
      'state_class': <SensorStateClass.MEASUREMENT: 'measurement'>,
    }),
    'config_entry_id': <ANY>,
    'device_class': None,
    'device_id': <ANY>,
    'disabled_by': None,
    'domain': 'sensor',
    'entity_category': None,
    'entity_id': 'sensor.airgradient_humidity',
    'has_entity_name': True,
    'hidden_by': None,
    'icon': None,
    'id': <ANY>,
    'labels': set({
    }),
    'name': None,
    'options': dict({
    }),
    'original_device_class': <SensorDeviceClass.HUMIDITY: 'humidity'>,
    'original_icon': None,
    'original_name': 'Humidity',
    'platform': 'airgradient',
    'previous_unique_id': None,
    'supported_features': 0,
    'translation_key': None,
    'unique_id': '84fce612f5b8-humidity',
    'unit_of_measurement': '%',
  })
# ---
# name: test_all_entities[sensor.airgradient_humidity-state]
  StateSnapshot({
    'attributes': ReadOnlyDict({
      'device_class': 'humidity',
      'friendly_name': 'Airgradient Humidity',
      'state_class': <SensorStateClass.MEASUREMENT: 'measurement'>,
      'unit_of_measurement': '%',
    }),
    'context': <ANY>,
    'entity_id': 'sensor.airgradient_humidity',
    'last_changed': <ANY>,
    'last_reported': <ANY>,
    'last_updated': <ANY>,
    'state': '48.0',
  })
# ---
# name: test_all_entities[sensor.airgradient_nitrogen_index-entry]
  EntityRegistryEntrySnapshot({
    'aliases': set({
    }),
    'area_id': None,
    'capabilities': dict({
      'state_class': <SensorStateClass.MEASUREMENT: 'measurement'>,
    }),
    'config_entry_id': <ANY>,
    'device_class': None,
    'device_id': <ANY>,
    'disabled_by': None,
    'domain': 'sensor',
    'entity_category': None,
    'entity_id': 'sensor.airgradient_nitrogen_index',
    'has_entity_name': True,
    'hidden_by': None,
    'icon': None,
    'id': <ANY>,
    'labels': set({
    }),
    'name': None,
    'options': dict({
    }),
    'original_device_class': None,
    'original_icon': None,
    'original_name': 'Nitrogen index',
    'platform': 'airgradient',
    'previous_unique_id': None,
    'supported_features': 0,
    'translation_key': 'nitrogen_index',
    'unique_id': '84fce612f5b8-nitrogen_index',
    'unit_of_measurement': None,
  })
# ---
# name: test_all_entities[sensor.airgradient_nitrogen_index-state]
  StateSnapshot({
    'attributes': ReadOnlyDict({
      'friendly_name': 'Airgradient Nitrogen index',
      'state_class': <SensorStateClass.MEASUREMENT: 'measurement'>,
    }),
    'context': <ANY>,
    'entity_id': 'sensor.airgradient_nitrogen_index',
    'last_changed': <ANY>,
    'last_reported': <ANY>,
    'last_updated': <ANY>,
    'state': '1',
  })
# ---
# name: test_all_entities[sensor.airgradient_pm0_3_count-entry]
  EntityRegistryEntrySnapshot({
    'aliases': set({
    }),
    'area_id': None,
    'capabilities': dict({
      'state_class': <SensorStateClass.MEASUREMENT: 'measurement'>,
    }),
    'config_entry_id': <ANY>,
    'device_class': None,
    'device_id': <ANY>,
    'disabled_by': None,
    'domain': 'sensor',
    'entity_category': None,
    'entity_id': 'sensor.airgradient_pm0_3_count',
    'has_entity_name': True,
    'hidden_by': None,
    'icon': None,
    'id': <ANY>,
    'labels': set({
    }),
    'name': None,
    'options': dict({
    }),
    'original_device_class': None,
    'original_icon': None,
    'original_name': 'PM0.3 count',
    'platform': 'airgradient',
    'previous_unique_id': None,
    'supported_features': 0,
    'translation_key': 'pm003_count',
    'unique_id': '84fce612f5b8-pm003',
    'unit_of_measurement': None,
  })
# ---
# name: test_all_entities[sensor.airgradient_pm0_3_count-state]
  StateSnapshot({
    'attributes': ReadOnlyDict({
      'friendly_name': 'Airgradient PM0.3 count',
      'state_class': <SensorStateClass.MEASUREMENT: 'measurement'>,
    }),
    'context': <ANY>,
    'entity_id': 'sensor.airgradient_pm0_3_count',
    'last_changed': <ANY>,
    'last_reported': <ANY>,
    'last_updated': <ANY>,
    'state': '270',
  })
# ---
# name: test_all_entities[sensor.airgradient_pm1-entry]
  EntityRegistryEntrySnapshot({
    'aliases': set({
    }),
    'area_id': None,
    'capabilities': dict({
      'state_class': <SensorStateClass.MEASUREMENT: 'measurement'>,
    }),
    'config_entry_id': <ANY>,
    'device_class': None,
    'device_id': <ANY>,
    'disabled_by': None,
    'domain': 'sensor',
    'entity_category': None,
    'entity_id': 'sensor.airgradient_pm1',
    'has_entity_name': True,
    'hidden_by': None,
    'icon': None,
    'id': <ANY>,
    'labels': set({
    }),
    'name': None,
    'options': dict({
    }),
    'original_device_class': <SensorDeviceClass.PM1: 'pm1'>,
    'original_icon': None,
    'original_name': 'PM1',
    'platform': 'airgradient',
    'previous_unique_id': None,
    'supported_features': 0,
    'translation_key': None,
    'unique_id': '84fce612f5b8-pm01',
    'unit_of_measurement': 'µg/m³',
  })
# ---
# name: test_all_entities[sensor.airgradient_pm1-state]
  StateSnapshot({
    'attributes': ReadOnlyDict({
      'device_class': 'pm1',
      'friendly_name': 'Airgradient PM1',
      'state_class': <SensorStateClass.MEASUREMENT: 'measurement'>,
      'unit_of_measurement': 'µg/m³',
    }),
    'context': <ANY>,
    'entity_id': 'sensor.airgradient_pm1',
    'last_changed': <ANY>,
    'last_reported': <ANY>,
    'last_updated': <ANY>,
    'state': '22',
  })
# ---
# name: test_all_entities[sensor.airgradient_pm10-entry]
  EntityRegistryEntrySnapshot({
    'aliases': set({
    }),
    'area_id': None,
    'capabilities': dict({
      'state_class': <SensorStateClass.MEASUREMENT: 'measurement'>,
    }),
    'config_entry_id': <ANY>,
    'device_class': None,
    'device_id': <ANY>,
    'disabled_by': None,
    'domain': 'sensor',
    'entity_category': None,
    'entity_id': 'sensor.airgradient_pm10',
    'has_entity_name': True,
    'hidden_by': None,
    'icon': None,
    'id': <ANY>,
    'labels': set({
    }),
    'name': None,
    'options': dict({
    }),
    'original_device_class': <SensorDeviceClass.PM10: 'pm10'>,
    'original_icon': None,
    'original_name': 'PM10',
    'platform': 'airgradient',
    'previous_unique_id': None,
    'supported_features': 0,
    'translation_key': None,
    'unique_id': '84fce612f5b8-pm10',
    'unit_of_measurement': 'µg/m³',
  })
# ---
# name: test_all_entities[sensor.airgradient_pm10-state]
  StateSnapshot({
    'attributes': ReadOnlyDict({
      'device_class': 'pm10',
      'friendly_name': 'Airgradient PM10',
      'state_class': <SensorStateClass.MEASUREMENT: 'measurement'>,
      'unit_of_measurement': 'µg/m³',
    }),
    'context': <ANY>,
    'entity_id': 'sensor.airgradient_pm10',
    'last_changed': <ANY>,
    'last_reported': <ANY>,
    'last_updated': <ANY>,
    'state': '41',
  })
# ---
# name: test_all_entities[sensor.airgradient_pm2_5-entry]
  EntityRegistryEntrySnapshot({
    'aliases': set({
    }),
    'area_id': None,
    'capabilities': dict({
      'state_class': <SensorStateClass.MEASUREMENT: 'measurement'>,
    }),
    'config_entry_id': <ANY>,
    'device_class': None,
    'device_id': <ANY>,
    'disabled_by': None,
    'domain': 'sensor',
    'entity_category': None,
    'entity_id': 'sensor.airgradient_pm2_5',
    'has_entity_name': True,
    'hidden_by': None,
    'icon': None,
    'id': <ANY>,
    'labels': set({
    }),
    'name': None,
    'options': dict({
    }),
    'original_device_class': <SensorDeviceClass.PM25: 'pm25'>,
    'original_icon': None,
    'original_name': 'PM2.5',
    'platform': 'airgradient',
    'previous_unique_id': None,
    'supported_features': 0,
    'translation_key': None,
    'unique_id': '84fce612f5b8-pm02',
    'unit_of_measurement': 'µg/m³',
  })
# ---
# name: test_all_entities[sensor.airgradient_pm2_5-state]
  StateSnapshot({
    'attributes': ReadOnlyDict({
      'device_class': 'pm25',
      'friendly_name': 'Airgradient PM2.5',
      'state_class': <SensorStateClass.MEASUREMENT: 'measurement'>,
      'unit_of_measurement': 'µg/m³',
    }),
    'context': <ANY>,
    'entity_id': 'sensor.airgradient_pm2_5',
    'last_changed': <ANY>,
    'last_reported': <ANY>,
    'last_updated': <ANY>,
    'state': '34',
  })
# ---
# name: test_all_entities[sensor.airgradient_raw_nitrogen-entry]
  EntityRegistryEntrySnapshot({
    'aliases': set({
    }),
    'area_id': None,
    'capabilities': dict({
      'state_class': <SensorStateClass.MEASUREMENT: 'measurement'>,
    }),
    'config_entry_id': <ANY>,
    'device_class': None,
    'device_id': <ANY>,
    'disabled_by': None,
    'domain': 'sensor',
    'entity_category': None,
    'entity_id': 'sensor.airgradient_raw_nitrogen',
    'has_entity_name': True,
    'hidden_by': None,
    'icon': None,
    'id': <ANY>,
    'labels': set({
    }),
    'name': None,
    'options': dict({
    }),
    'original_device_class': None,
    'original_icon': None,
    'original_name': 'Raw nitrogen',
    'platform': 'airgradient',
    'previous_unique_id': None,
    'supported_features': 0,
    'translation_key': 'raw_nitrogen',
    'unique_id': '84fce612f5b8-nox_raw',
    'unit_of_measurement': 'ticks',
  })
# ---
# name: test_all_entities[sensor.airgradient_raw_nitrogen-state]
  StateSnapshot({
    'attributes': ReadOnlyDict({
      'friendly_name': 'Airgradient Raw nitrogen',
      'state_class': <SensorStateClass.MEASUREMENT: 'measurement'>,
      'unit_of_measurement': 'ticks',
    }),
    'context': <ANY>,
    'entity_id': 'sensor.airgradient_raw_nitrogen',
    'last_changed': <ANY>,
    'last_reported': <ANY>,
    'last_updated': <ANY>,
    'state': '16931',
  })
# ---
# name: test_all_entities[sensor.airgradient_raw_total_voc-entry]
  EntityRegistryEntrySnapshot({
    'aliases': set({
    }),
    'area_id': None,
    'capabilities': dict({
      'state_class': <SensorStateClass.MEASUREMENT: 'measurement'>,
    }),
    'config_entry_id': <ANY>,
    'device_class': None,
    'device_id': <ANY>,
    'disabled_by': None,
    'domain': 'sensor',
    'entity_category': None,
    'entity_id': 'sensor.airgradient_raw_total_voc',
    'has_entity_name': True,
    'hidden_by': None,
    'icon': None,
    'id': <ANY>,
    'labels': set({
    }),
    'name': None,
    'options': dict({
    }),
    'original_device_class': None,
    'original_icon': None,
    'original_name': 'Raw total VOC',
    'platform': 'airgradient',
    'previous_unique_id': None,
    'supported_features': 0,
    'translation_key': 'raw_total_volatile_organic_component',
    'unique_id': '84fce612f5b8-tvoc_raw',
    'unit_of_measurement': 'ticks',
  })
# ---
# name: test_all_entities[sensor.airgradient_raw_total_voc-state]
  StateSnapshot({
    'attributes': ReadOnlyDict({
      'friendly_name': 'Airgradient Raw total VOC',
      'state_class': <SensorStateClass.MEASUREMENT: 'measurement'>,
      'unit_of_measurement': 'ticks',
    }),
    'context': <ANY>,
    'entity_id': 'sensor.airgradient_raw_total_voc',
    'last_changed': <ANY>,
    'last_reported': <ANY>,
    'last_updated': <ANY>,
    'state': '31792',
  })
# ---
# name: test_all_entities[sensor.airgradient_signal_strength-entry]
  EntityRegistryEntrySnapshot({
    'aliases': set({
    }),
    'area_id': None,
    'capabilities': dict({
      'state_class': <SensorStateClass.MEASUREMENT: 'measurement'>,
    }),
    'config_entry_id': <ANY>,
    'device_class': None,
    'device_id': <ANY>,
    'disabled_by': None,
    'domain': 'sensor',
    'entity_category': <EntityCategory.DIAGNOSTIC: 'diagnostic'>,
    'entity_id': 'sensor.airgradient_signal_strength',
    'has_entity_name': True,
    'hidden_by': None,
    'icon': None,
    'id': <ANY>,
    'labels': set({
    }),
    'name': None,
    'options': dict({
    }),
    'original_device_class': <SensorDeviceClass.SIGNAL_STRENGTH: 'signal_strength'>,
    'original_icon': None,
    'original_name': 'Signal strength',
    'platform': 'airgradient',
    'previous_unique_id': None,
    'supported_features': 0,
    'translation_key': None,
    'unique_id': '84fce612f5b8-signal_strength',
    'unit_of_measurement': 'dBm',
  })
# ---
# name: test_all_entities[sensor.airgradient_signal_strength-state]
  StateSnapshot({
    'attributes': ReadOnlyDict({
      'device_class': 'signal_strength',
      'friendly_name': 'Airgradient Signal strength',
      'state_class': <SensorStateClass.MEASUREMENT: 'measurement'>,
      'unit_of_measurement': 'dBm',
    }),
    'context': <ANY>,
    'entity_id': 'sensor.airgradient_signal_strength',
    'last_changed': <ANY>,
    'last_reported': <ANY>,
    'last_updated': <ANY>,
    'state': '-52',
  })
# ---
# name: test_all_entities[sensor.airgradient_temperature-entry]
  EntityRegistryEntrySnapshot({
    'aliases': set({
    }),
    'area_id': None,
    'capabilities': dict({
      'state_class': <SensorStateClass.MEASUREMENT: 'measurement'>,
    }),
    'config_entry_id': <ANY>,
    'device_class': None,
    'device_id': <ANY>,
    'disabled_by': None,
    'domain': 'sensor',
    'entity_category': None,
    'entity_id': 'sensor.airgradient_temperature',
    'has_entity_name': True,
    'hidden_by': None,
    'icon': None,
    'id': <ANY>,
    'labels': set({
    }),
    'name': None,
    'options': dict({
    }),
    'original_device_class': <SensorDeviceClass.TEMPERATURE: 'temperature'>,
    'original_icon': None,
    'original_name': 'Temperature',
    'platform': 'airgradient',
    'previous_unique_id': None,
    'supported_features': 0,
    'translation_key': None,
    'unique_id': '84fce612f5b8-temperature',
    'unit_of_measurement': <UnitOfTemperature.CELSIUS: '°C'>,
  })
# ---
# name: test_all_entities[sensor.airgradient_temperature-state]
  StateSnapshot({
    'attributes': ReadOnlyDict({
      'device_class': 'temperature',
      'friendly_name': 'Airgradient Temperature',
      'state_class': <SensorStateClass.MEASUREMENT: 'measurement'>,
      'unit_of_measurement': <UnitOfTemperature.CELSIUS: '°C'>,
    }),
    'context': <ANY>,
    'entity_id': 'sensor.airgradient_temperature',
    'last_changed': <ANY>,
    'last_reported': <ANY>,
    'last_updated': <ANY>,
    'state': '27.96',
  })
# ---
# name: test_all_entities[sensor.airgradient_total_voc_index-entry]
  EntityRegistryEntrySnapshot({
    'aliases': set({
    }),
    'area_id': None,
    'capabilities': dict({
      'state_class': <SensorStateClass.MEASUREMENT: 'measurement'>,
    }),
    'config_entry_id': <ANY>,
    'device_class': None,
    'device_id': <ANY>,
    'disabled_by': None,
    'domain': 'sensor',
    'entity_category': None,
    'entity_id': 'sensor.airgradient_total_voc_index',
    'has_entity_name': True,
    'hidden_by': None,
    'icon': None,
    'id': <ANY>,
    'labels': set({
    }),
    'name': None,
    'options': dict({
    }),
    'original_device_class': None,
    'original_icon': None,
    'original_name': 'Total VOC index',
    'platform': 'airgradient',
    'previous_unique_id': None,
    'supported_features': 0,
    'translation_key': 'total_volatile_organic_component_index',
    'unique_id': '84fce612f5b8-tvoc',
    'unit_of_measurement': None,
  })
# ---
# name: test_all_entities[sensor.airgradient_total_voc_index-state]
  StateSnapshot({
    'attributes': ReadOnlyDict({
      'friendly_name': 'Airgradient Total VOC index',
      'state_class': <SensorStateClass.MEASUREMENT: 'measurement'>,
    }),
    'context': <ANY>,
    'entity_id': 'sensor.airgradient_total_voc_index',
    'last_changed': <ANY>,
    'last_reported': <ANY>,
    'last_updated': <ANY>,
    'state': '99',
  })
# ---
