# serializer version: 1
# name: test_device_info
  DeviceRegistryEntrySnapshot({
    'area_id': None,
    'config_entries': <ANY>,
    'configuration_url': None,
    'connections': set({
    }),
    'disabled_by': None,
    'entry_type': None,
    'hw_version': None,
    'id': <ANY>,
    'identifiers': set({
      tuple(
        'airgradient',
        '84fce612f5b8',
      ),
    }),
    'is_new': False,
    'labels': set({
    }),
    'manufacturer': 'AirGradient',
    'model': 'I-9PSL',
    'name': 'Airgradient',
    'name_by_user': None,
    'serial_number': '84fce612f5b8',
    'suggested_area': None,
    'sw_version': '3.0.8',
    'via_device_id': None,
  })
# ---
